[0.011s][info][gc] Using Serial
[36.541s][info][gc] GC(0) Pause Young (Allocation Failure) 4M->1M(15M) 4.353ms
[36.556s][info][gc] GC(1) Pause Young (Allocation Failure) 5M->1M(15M) 1.702ms
[36.569s][info][gc] GC(2) Pause Young (Allocation Failure) 5M->1M(15M) 0.265ms
[36.580s][info][gc] GC(3) Pause Young (Allocation Failure) 5M->1M(15M) 0.386ms
[36.590s][info][gc] GC(4) Pause Young (Allocation Failure) 5M->1M(15M) 0.465ms
[36.599s][info][gc] GC(5) Pause Young (Allocation Failure) 5M->1M(15M) 0.242ms
[36.608s][info][gc] GC(6) Pause Young (Allocation Failure) 5M->1M(15M) 0.304ms
[36.615s][info][gc] GC(7) Pause Young (Allocation Failure) 5M->1M(15M) 0.401ms
[36.622s][info][gc] GC(8) Pause Young (Allocation Failure) 5M->1M(15M) 0.350ms
[36.628s][info][gc] GC(9) Pause Young (Allocation Failure) 5M->1M(15M) 0.225ms
[36.635s][info][gc] GC(10) Pause Young (Allocation Failure) 5M->1M(15M) 0.276ms
[36.638s][info][gc] GC(11) Pause Young (Allocation Failure) 5M->1M(15M) 0.275ms
[36.642s][info][gc] GC(12) Pause Young (Allocation Failure) 5M->1M(15M) 0.150ms
[36.646s][info][gc] GC(13) Pause Young (Allocation Failure) 5M->1M(15M) 0.287ms
[36.649s][info][gc] GC(14) Pause Young (Allocation Failure) 5M->1M(15M) 0.282ms
[36.653s][info][gc] GC(15) Pause Young (Allocation Failure) 5M->1M(15M) 0.339ms
[101.475s][info][gc] GC(16) Pause Young (Allocation Failure) 5M->1M(15M) 0.236ms
[101.478s][info][gc] GC(17) Pause Young (Allocation Failure) 5M->1M(15M) 0.298ms
[101.481s][info][gc] GC(18) Pause Young (Allocation Failure) 5M->1M(15M) 0.176ms
[101.484s][info][gc] GC(19) Pause Young (Allocation Failure) 5M->1M(15M) 0.252ms
[101.486s][info][gc] GC(20) Pause Young (Allocation Failure) 5M->1M(15M) 0.177ms
[101.489s][info][gc] GC(21) Pause Young (Allocation Failure) 5M->1M(15M) 0.255ms
[101.491s][info][gc] GC(22) Pause Young (Allocation Failure) 5M->1M(15M) 0.181ms
[101.494s][info][gc] GC(23) Pause Young (Allocation Failure) 5M->1M(15M) 0.249ms
[101.497s][info][gc] GC(24) Pause Young (Allocation Failure) 5M->1M(15M) 0.177ms
[101.500s][info][gc] GC(25) Pause Young (Allocation Failure) 5M->1M(15M) 0.240ms
[101.502s][info][gc] GC(26) Pause Young (Allocation Failure) 5M->1M(15M) 0.174ms
[101.505s][info][gc] GC(27) Pause Young (Allocation Failure) 5M->1M(15M) 0.268ms
[101.508s][info][gc] GC(28) Pause Young (Allocation Failure) 5M->1M(15M) 0.143ms
[101.510s][info][gc] GC(29) Pause Young (Allocation Failure) 5M->1M(15M) 0.196ms
[101.512s][info][gc] GC(30) Pause Young (Allocation Failure) 5M->1M(15M) 0.267ms
[101.515s][info][gc] GC(31) Pause Young (Allocation Failure) 5M->1M(15M) 0.122ms
