[0.016s][info][gc] Using The Z Garbage Collector
[0.185s][info][gc] GC(0) Garbage Collection (Warmup) 4M(20%)->4M(20%)
[0.259s][info][gc] GC(1) Garbage Collection (Warmup) 4M(20%)->4M(20%)
[177.270s][info][gc] GC(2) Garbage Collection (Warmup) 8M(40%)->6M(30%)
[177.493s][info][gc] Relocation Stall (C2 CompilerThread1) 1.343ms
[177.493s][info][gc] Relocation Stall (Attach Listener) 1.349ms
[177.493s][info][gc] Relocation Stall (C1 CompilerThread0) 1.354ms
[177.494s][info][gc] GC(3) Garbage Collection (Allocation Rate) 14M(70%)->12M(60%)
[177.579s][info][gc] GC(4) Garbage Collection (Allocation Rate) 12M(60%)->8M(40%)
[177.661s][info][gc] GC(5) Garbage Collection (Allocation Rate) 8M(40%)->6M(30%)
[177.768s][info][gc] GC(6) Garbage Collection (Allocation Rate) 8M(40%)->6M(30%)
[177.864s][info][gc] GC(7) Garbage Collection (Allocation Rate) 8M(40%)->6M(30%)
[177.959s][info][gc] GC(8) Garbage Collection (Allocation Rate) 8M(40%)->6M(30%)
[178.055s][info][gc] GC(9) Garbage Collection (Allocation Rate) 8M(40%)->6M(30%)
[178.167s][info][gc] GC(10) Garbage Collection (Allocation Rate) 8M(40%)->6M(30%)
[178.773s][info][gc] GC(11) Garbage Collection (Allocation Rate) 12M(60%)->8M(40%)
[178.984s][info][gc] GC(12) Garbage Collection (Allocation Rate) 10M(50%)->8M(40%)
[181.065s][info][gc] GC(13) Garbage Collection (Proactive) 10M(50%)->10M(50%)
[184.162s][info][gc] GC(14) Garbage Collection (Proactive) 12M(60%)->10M(50%)
[195.171s][info][gc] GC(15) Garbage Collection (Proactive) 12M(60%)->8M(40%)
[196.274s][info][gc] GC(16) Garbage Collection (Proactive) 10M(50%)->6M(30%)
[197.469s][info][gc] GC(17) Garbage Collection (Proactive) 8M(40%)->8M(40%)
[198.472s][info][gc] GC(18) Garbage Collection (Proactive) 10M(50%)->8M(40%)
[199.367s][info][gc] GC(19) Garbage Collection (Proactive) 10M(50%)->8M(40%)
[200.260s][info][gc] GC(20) Garbage Collection (Proactive) 10M(50%)->8M(40%)
[201.167s][info][gc] GC(21) Garbage Collection (Proactive) 10M(50%)->8M(40%)
[202.171s][info][gc] GC(22) Garbage Collection (Proactive) 10M(50%)->8M(40%)
[203.173s][info][gc] GC(23) Garbage Collection (Proactive) 10M(50%)->8M(40%)
[204.160s][info][gc] GC(24) Garbage Collection (Proactive) 10M(50%)->8M(40%)
[205.166s][info][gc] GC(25) Garbage Collection (Proactive) 10M(50%)->8M(40%)
[206.167s][info][gc] GC(26) Garbage Collection (Proactive) 10M(50%)->8M(40%)
[207.169s][info][gc] GC(27) Garbage Collection (Proactive) 10M(50%)->8M(40%)
[208.171s][info][gc] GC(28) Garbage Collection (Proactive) 10M(50%)->8M(40%)
[209.161s][info][gc] GC(29) Garbage Collection (Proactive) 10M(50%)->8M(40%)
[210.164s][info][gc] GC(30) Garbage Collection (Proactive) 10M(50%)->8M(40%)
[211.171s][info][gc] GC(31) Garbage Collection (Proactive) 10M(50%)->8M(40%)
[212.158s][info][gc] GC(32) Garbage Collection (Proactive) 10M(50%)->8M(40%)
[213.159s][info][gc] GC(33) Garbage Collection (Proactive) 10M(50%)->8M(40%)
[214.167s][info][gc] GC(34) Garbage Collection (Proactive) 10M(50%)->8M(40%)
[215.174s][info][gc] GC(35) Garbage Collection (Proactive) 10M(50%)->8M(40%)
[216.163s][info][gc] GC(36) Garbage Collection (Proactive) 10M(50%)->8M(40%)
[217.165s][info][gc] GC(37) Garbage Collection (Proactive) 10M(50%)->8M(40%)
[218.167s][info][gc] GC(38) Garbage Collection (Proactive) 10M(50%)->8M(40%)
[219.160s][info][gc] GC(39) Garbage Collection (Proactive) 10M(50%)->8M(40%)
[220.162s][info][gc] GC(40) Garbage Collection (Proactive) 10M(50%)->8M(40%)
[221.170s][info][gc] GC(41) Garbage Collection (Proactive) 10M(50%)->8M(40%)
[222.158s][info][gc] GC(42) Garbage Collection (Proactive) 10M(50%)->8M(40%)
[223.172s][info][gc] GC(43) Garbage Collection (Proactive) 10M(50%)->8M(40%)
[224.158s][info][gc] GC(44) Garbage Collection (Proactive) 10M(50%)->8M(40%)
[225.158s][info][gc] GC(45) Garbage Collection (Proactive) 10M(50%)->8M(40%)
[226.164s][info][gc] GC(46) Garbage Collection (Proactive) 10M(50%)->8M(40%)
[227.168s][info][gc] GC(47) Garbage Collection (Proactive) 10M(50%)->8M(40%)
[228.172s][info][gc] GC(48) Garbage Collection (Proactive) 10M(50%)->8M(40%)
[229.160s][info][gc] GC(49) Garbage Collection (Proactive) 10M(50%)->8M(40%)
[230.161s][info][gc] GC(50) Garbage Collection (Proactive) 10M(50%)->8M(40%)
[231.164s][info][gc] GC(51) Garbage Collection (Proactive) 10M(50%)->8M(40%)
[232.170s][info][gc] GC(52) Garbage Collection (Proactive) 10M(50%)->8M(40%)
[233.172s][info][gc] GC(53) Garbage Collection (Proactive) 10M(50%)->8M(40%)
[234.162s][info][gc] GC(54) Garbage Collection (Proactive) 10M(50%)->8M(40%)
[235.167s][info][gc] GC(55) Garbage Collection (Proactive) 10M(50%)->8M(40%)
[236.158s][info][gc] GC(56) Garbage Collection (Proactive) 10M(50%)->8M(40%)
[237.171s][info][gc] GC(57) Garbage Collection (Proactive) 10M(50%)->8M(40%)
[238.170s][info][gc] GC(58) Garbage Collection (Proactive) 10M(50%)->8M(40%)
[238.965s][info][gc] GC(59) Garbage Collection (Proactive) 10M(50%)->8M(40%)
[239.765s][info][gc] GC(60) Garbage Collection (Proactive) 10M(50%)->8M(40%)
[240.563s][info][gc] GC(61) Garbage Collection (Proactive) 10M(50%)->8M(40%)
[241.261s][info][gc] GC(62) Garbage Collection (Proactive) 10M(50%)->8M(40%)
[242.175s][info][gc] GC(63) Garbage Collection (Proactive) 10M(50%)->8M(40%)
[243.173s][info][gc] GC(64) Garbage Collection (Proactive) 10M(50%)->8M(40%)
[244.160s][info][gc] GC(65) Garbage Collection (Proactive) 10M(50%)->8M(40%)
[245.172s][info][gc] GC(66) Garbage Collection (Proactive) 10M(50%)->8M(40%)
[246.163s][info][gc] GC(67) Garbage Collection (Proactive) 10M(50%)->8M(40%)
[247.165s][info][gc] GC(68) Garbage Collection (Proactive) 10M(50%)->8M(40%)
[248.168s][info][gc] GC(69) Garbage Collection (Proactive) 10M(50%)->8M(40%)
[249.159s][info][gc] GC(70) Garbage Collection (Proactive) 10M(50%)->10M(50%)
[252.669s][info][gc] GC(71) Garbage Collection (Proactive) 12M(60%)->10M(50%)
[253.465s][info][gc] GC(72) Garbage Collection (Proactive) 12M(60%)->10M(50%)
[254.262s][info][gc] GC(73) Garbage Collection (Proactive) 12M(60%)->10M(50%)
[255.173s][info][gc] GC(74) Garbage Collection (Proactive) 12M(60%)->12M(60%)
[267.259s][info][gc] GC(75) Garbage Collection (Proactive) 14M(70%)->10M(50%)
[268.161s][info][gc] GC(76) Garbage Collection (Proactive) 12M(60%)->10M(50%)
[269.174s][info][gc] GC(77) Garbage Collection (Proactive) 12M(60%)->10M(50%)
[270.074s][info][gc] GC(78) Garbage Collection (Proactive) 12M(60%)->10M(50%)
[271.063s][info][gc] GC(79) Garbage Collection (Proactive) 12M(60%)->10M(50%)
[271.973s][info][gc] GC(80) Garbage Collection (Proactive) 12M(60%)->10M(50%)
[272.773s][info][gc] GC(81) Garbage Collection (Proactive) 12M(60%)->10M(50%)
[273.569s][info][gc] GC(82) Garbage Collection (Proactive) 12M(60%)->10M(50%)
[274.366s][info][gc] GC(83) Garbage Collection (Proactive) 12M(60%)->10M(50%)
[275.160s][info][gc] GC(84) Garbage Collection (Proactive) 12M(60%)->10M(50%)
[275.866s][info][gc] GC(85) Garbage Collection (Proactive) 12M(60%)->10M(50%)
[276.773s][info][gc] GC(86) Garbage Collection (Proactive) 12M(60%)->10M(50%)
[277.573s][info][gc] GC(87) Garbage Collection (Proactive) 12M(60%)->10M(50%)
[278.372s][info][gc] GC(88) Garbage Collection (Proactive) 12M(60%)->10M(50%)
[279.167s][info][gc] GC(89) Garbage Collection (Proactive) 12M(60%)->10M(50%)
[280.170s][info][gc] GC(90) Garbage Collection (Proactive) 12M(60%)->10M(50%)
[281.061s][info][gc] GC(91) Garbage Collection (Proactive) 12M(60%)->10M(50%)
[281.872s][info][gc] GC(92) Garbage Collection (Proactive) 12M(60%)->10M(50%)
[282.668s][info][gc] GC(93) Garbage Collection (Proactive) 12M(60%)->10M(50%)
[283.463s][info][gc] GC(94) Garbage Collection (Proactive) 12M(60%)->10M(50%)
[284.260s][info][gc] GC(95) Garbage Collection (Proactive) 12M(60%)->10M(50%)
[285.172s][info][gc] GC(96) Garbage Collection (Proactive) 12M(60%)->10M(50%)
[285.970s][info][gc] GC(97) Garbage Collection (Proactive) 12M(60%)->10M(50%)
[286.768s][info][gc] GC(98) Garbage Collection (Proactive) 12M(60%)->10M(50%)
[287.568s][info][gc] GC(99) Garbage Collection (Proactive) 12M(60%)->10M(50%)
[288.363s][info][gc] GC(100) Garbage Collection (Proactive) 12M(60%)->10M(50%)
[289.159s][info][gc] GC(101) Garbage Collection (Proactive) 12M(60%)->10M(50%)
[289.958s][info][gc] GC(102) Garbage Collection (Proactive) 12M(60%)->10M(50%)
[290.770s][info][gc] GC(103) Garbage Collection (Proactive) 12M(60%)->10M(50%)
[291.566s][info][gc] GC(104) Garbage Collection (Proactive) 12M(60%)->10M(50%)
[291.965s][info][gc] Allocation Stall (main) 13.309ms
[291.965s][info][gc] GC(105) Garbage Collection (Allocation Rate) 20M(100%)->14M(70%)
[291.989s][info][gc] Allocation Stall (main) 15.050ms
[291.990s][info][gc] GC(106) Garbage Collection (Allocation Stall) 20M(100%)->14M(70%)
[292.010s][info][gc] Allocation Stall (main) 13.340ms
[292.011s][info][gc] GC(107) Garbage Collection (Allocation Stall) 20M(100%)->16M(80%)
[292.031s][info][gc] Allocation Stall (main) 15.338ms
[292.032s][info][gc] GC(108) Garbage Collection (Allocation Stall) 20M(100%)->18M(90%)
[292.061s][info][gc] GC(109) Garbage Collection (Allocation Rate) 20M(100%)->10M(50%)
[292.173s][info][gc] GC(110) Garbage Collection (Allocation Rate) 12M(60%)->10M(50%)
[292.270s][info][gc] GC(111) Garbage Collection (Allocation Rate) 12M(60%)->10M(50%)
[292.365s][info][gc] GC(112) Garbage Collection (Allocation Rate) 10M(50%)->10M(50%)
[292.462s][info][gc] GC(113) Garbage Collection (Allocation Rate) 10M(50%)->10M(50%)
[292.574s][info][gc] GC(114) Garbage Collection (Allocation Rate) 10M(50%)->10M(50%)
[292.669s][info][gc] GC(115) Garbage Collection (Allocation Rate) 10M(50%)->10M(50%)
[292.766s][info][gc] GC(116) Garbage Collection (Allocation Rate) 10M(50%)->10M(50%)
[292.861s][info][gc] GC(117) Garbage Collection (Allocation Rate) 10M(50%)->10M(50%)
[293.069s][info][gc] GC(118) Garbage Collection (Allocation Rate) 10M(50%)->10M(50%)
[293.166s][info][gc] GC(119) Garbage Collection (Allocation Rate) 12M(60%)->10M(50%)
[293.261s][info][gc] GC(120) Garbage Collection (Allocation Rate) 12M(60%)->10M(50%)
[293.373s][info][gc] GC(121) Garbage Collection (Allocation Rate) 10M(50%)->10M(50%)
[293.469s][info][gc] GC(122) Garbage Collection (Allocation Rate) 10M(50%)->10M(50%)
[293.565s][info][gc] GC(123) Garbage Collection (Allocation Rate) 10M(50%)->10M(50%)
[293.660s][info][gc] GC(124) Garbage Collection (Allocation Rate) 10M(50%)->10M(50%)
[293.772s][info][gc] GC(125) Garbage Collection (Allocation Rate) 10M(50%)->10M(50%)
[294.459s][info][gc] GC(126) Garbage Collection (Proactive) 12M(60%)->10M(50%)
[295.271s][info][gc] GC(127) Garbage Collection (Proactive) 12M(60%)->10M(50%)
[296.167s][info][gc] GC(128) Garbage Collection (Proactive) 12M(60%)->10M(50%)
[296.965s][info][gc] GC(129) Garbage Collection (Proactive) 12M(60%)->10M(50%)
[297.765s][info][gc] GC(130) Garbage Collection (Proactive) 12M(60%)->10M(50%)
[298.563s][info][gc] GC(131) Garbage Collection (Proactive) 12M(60%)->10M(50%)
[299.362s][info][gc] GC(132) Garbage Collection (Proactive) 12M(60%)->10M(50%)
[300.268s][info][gc] GC(133) Garbage Collection (Proactive) 12M(60%)->10M(50%)
[301.163s][info][gc] GC(134) Garbage Collection (Proactive) 12M(60%)->10M(50%)
[301.973s][info][gc] GC(135) Garbage Collection (Proactive) 12M(60%)->10M(50%)
[302.772s][info][gc] GC(136) Garbage Collection (Proactive) 12M(60%)->10M(50%)
[303.566s][info][gc] GC(137) Garbage Collection (Proactive) 12M(60%)->10M(50%)
[304.363s][info][gc] GC(138) Garbage Collection (Proactive) 12M(60%)->10M(50%)
[305.161s][info][gc] GC(139) Garbage Collection (Proactive) 12M(60%)->10M(50%)
[305.958s][info][gc] GC(140) Garbage Collection (Proactive) 12M(60%)->10M(50%)
[306.770s][info][gc] GC(141) Garbage Collection (Proactive) 12M(60%)->10M(50%)
[307.565s][info][gc] GC(142) Garbage Collection (Proactive) 12M(60%)->10M(50%)
[308.371s][info][gc] GC(143) Garbage Collection (Proactive) 12M(60%)->10M(50%)
[309.170s][info][gc] GC(144) Garbage Collection (Proactive) 12M(60%)->10M(50%)
[309.969s][info][gc] GC(145) Garbage Collection (Proactive) 12M(60%)->10M(50%)
[310.673s][info][gc] GC(146) Garbage Collection (Proactive) 12M(60%)->10M(50%)
[311.473s][info][gc] GC(147) Garbage Collection (Proactive) 12M(60%)->10M(50%)
[312.273s][info][gc] GC(148) Garbage Collection (Proactive) 12M(60%)->10M(50%)
[313.167s][info][gc] GC(149) Garbage Collection (Proactive) 12M(60%)->10M(50%)
[313.963s][info][gc] GC(150) Garbage Collection (Proactive) 12M(60%)->10M(50%)
[314.773s][info][gc] GC(151) Garbage Collection (Proactive) 12M(60%)->10M(50%)
[315.472s][info][gc] GC(152) Garbage Collection (Proactive) 12M(60%)->10M(50%)
[316.270s][info][gc] GC(153) Garbage Collection (Proactive) 12M(60%)->10M(50%)
[317.164s][info][gc] GC(154) Garbage Collection (Proactive) 12M(60%)->10M(50%)
[317.963s][info][gc] GC(155) Garbage Collection (Proactive) 12M(60%)->10M(50%)
[318.773s][info][gc] GC(156) Garbage Collection (Proactive) 12M(60%)->10M(50%)
[319.572s][info][gc] GC(157) Garbage Collection (Proactive) 12M(60%)->10M(50%)
[320.372s][info][gc] GC(158) Garbage Collection (Proactive) 12M(60%)->10M(50%)
[321.171s][info][gc] GC(159) Garbage Collection (Proactive) 12M(60%)->10M(50%)
[321.968s][info][gc] GC(160) Garbage Collection (Proactive) 14M(70%)->14M(70%)
[334.265s][info][gc] GC(161) Garbage Collection (Proactive) 16M(80%)->12M(60%)
[349.364s][info][gc] GC(162) Garbage Collection (Proactive) 14M(70%)->10M(50%)
[350.276s][info][gc] GC(163) Garbage Collection (Proactive) 12M(60%)->12M(60%)
[358.468s][info][gc] GC(164) Garbage Collection (Allocation Rate) 16M(80%)->14M(70%)
[358.675s][info][gc] GC(165) Garbage Collection (Allocation Rate) 14M(70%)->14M(70%)
[358.769s][info][gc] GC(166) Garbage Collection (Allocation Rate) 14M(70%)->14M(70%)
[358.865s][info][gc] GC(167) Garbage Collection (Allocation Rate) 14M(70%)->14M(70%)
[358.959s][info][gc] GC(168) Garbage Collection (Allocation Rate) 14M(70%)->14M(70%)
[359.070s][info][gc] GC(169) Garbage Collection (Allocation Rate) 14M(70%)->14M(70%)
[359.166s][info][gc] GC(170) Garbage Collection (Allocation Rate) 14M(70%)->14M(70%)
[359.262s][info][gc] GC(171) Garbage Collection (Allocation Rate) 14M(70%)->14M(70%)
[359.359s][info][gc] GC(172) Garbage Collection (Allocation Rate) 14M(70%)->14M(70%)
[359.469s][info][gc] GC(173) Garbage Collection (Allocation Rate) 14M(70%)->14M(70%)
[359.565s][info][gc] GC(174) Garbage Collection (Allocation Rate) 14M(70%)->14M(70%)
[359.662s][info][gc] GC(175) Garbage Collection (Allocation Rate) 14M(70%)->14M(70%)
[359.771s][info][gc] GC(176) Garbage Collection (Allocation Rate) 14M(70%)->14M(70%)
[359.864s][info][gc] GC(177) Garbage Collection (Allocation Rate) 14M(70%)->14M(70%)
[360.566s][info][gc] GC(178) Garbage Collection (Allocation Rate) 14M(70%)->14M(70%)
[360.661s][info][gc] GC(179) Garbage Collection (Allocation Rate) 14M(70%)->14M(70%)
[360.773s][info][gc] GC(180) Garbage Collection (Allocation Rate) 14M(70%)->14M(70%)
[360.869s][info][gc] GC(181) Garbage Collection (Allocation Rate) 14M(70%)->14M(70%)
[375.365s][info][gc] GC(182) Garbage Collection (Proactive) 16M(80%)->14M(70%)
[390.362s][info][gc] GC(183) Garbage Collection (Proactive) 16M(80%)->14M(70%)
[405.362s][info][gc] GC(184) Garbage Collection (Proactive) 16M(80%)->14M(70%)
[418.369s][info][gc] GC(185) Garbage Collection (Proactive) 16M(80%)->14M(70%)
[431.461s][info][gc] GC(186) Garbage Collection (Proactive) 16M(80%)->14M(70%)
[444.467s][info][gc] GC(187) Garbage Collection (Proactive) 16M(80%)->14M(70%)
[457.468s][info][gc] GC(188) Garbage Collection (Proactive) 16M(80%)->10M(50%)
[458.267s][info][gc] GC(189) Garbage Collection (Proactive) 12M(60%)->10M(50%)
[459.267s][info][gc] GC(190) Garbage Collection (Proactive) 12M(60%)->10M(50%)
[460.271s][info][gc] GC(191) Garbage Collection (Proactive) 12M(60%)->10M(50%)
[461.164s][info][gc] GC(192) Garbage Collection (Proactive) 12M(60%)->10M(50%)
[461.964s][info][gc] GC(193) Garbage Collection (Proactive) 12M(60%)->10M(50%)
[462.764s][info][gc] GC(194) Garbage Collection (Proactive) 12M(60%)->10M(50%)
[463.562s][info][gc] GC(195) Garbage Collection (Proactive) 12M(60%)->10M(50%)
[464.360s][info][gc] GC(196) Garbage Collection (Proactive) 12M(60%)->10M(50%)
[465.160s][info][gc] GC(197) Garbage Collection (Proactive) 12M(60%)->10M(50%)
[466.062s][info][gc] GC(198) Garbage Collection (Proactive) 12M(60%)->10M(50%)
[466.968s][info][gc] GC(199) Garbage Collection (Proactive) 12M(60%)->10M(50%)
[467.768s][info][gc] GC(200) Garbage Collection (Proactive) 12M(60%)->10M(50%)
[468.562s][info][gc] GC(201) Garbage Collection (Proactive) 12M(60%)->10M(50%)
[469.359s][info][gc] GC(202) Garbage Collection (Proactive) 12M(60%)->10M(50%)
[470.174s][info][gc] GC(203) Garbage Collection (Proactive) 12M(60%)->10M(50%)
[470.972s][info][gc] GC(204) Garbage Collection (Proactive) 12M(60%)->10M(50%)
[471.769s][info][gc] GC(205) Garbage Collection (Proactive) 12M(60%)->10M(50%)
[472.567s][info][gc] GC(206) Garbage Collection (Proactive) 12M(60%)->10M(50%)
[473.473s][info][gc] GC(207) Garbage Collection (Proactive) 12M(60%)->10M(50%)
[474.364s][info][gc] GC(208) Garbage Collection (Proactive) 12M(60%)->10M(50%)
[475.163s][info][gc] GC(209) Garbage Collection (Proactive) 12M(60%)->10M(50%)
[475.960s][info][gc] GC(210) Garbage Collection (Proactive) 12M(60%)->10M(50%)
[476.759s][info][gc] GC(211) Garbage Collection (Proactive) 12M(60%)->10M(50%)
[477.566s][info][gc] GC(212) Garbage Collection (Proactive) 12M(60%)->10M(50%)
[479.072s][info][gc] GC(213) Garbage Collection (Proactive) 12M(60%)->10M(50%)
[480.372s][info][gc] GC(214) Garbage Collection (Proactive) 12M(60%)->10M(50%)
[481.374s][info][gc] GC(215) Garbage Collection (Proactive) 12M(60%)->10M(50%)
[482.262s][info][gc] GC(216) Garbage Collection (Proactive) 12M(60%)->10M(50%)
[483.077s][info][gc] GC(217) Garbage Collection (Proactive) 12M(60%)->10M(50%)
[484.265s][info][gc] GC(218) Garbage Collection (Proactive) 12M(60%)->10M(50%)
[485.361s][info][gc] GC(219) Garbage Collection (Proactive) 12M(60%)->10M(50%)
[486.266s][info][gc] GC(220) Garbage Collection (Proactive) 12M(60%)->10M(50%)
[487.171s][info][gc] GC(221) Garbage Collection (Proactive) 12M(60%)->10M(50%)
[487.963s][info][gc] GC(222) Garbage Collection (Proactive) 12M(60%)->10M(50%)
[488.774s][info][gc] GC(223) Garbage Collection (Proactive) 12M(60%)->10M(50%)
[489.773s][info][gc] GC(224) Garbage Collection (Proactive) 12M(60%)->10M(50%)
[490.666s][info][gc] GC(225) Garbage Collection (Proactive) 12M(60%)->10M(50%)
[491.465s][info][gc] GC(226) Garbage Collection (Proactive) 12M(60%)->10M(50%)
[492.264s][info][gc] GC(227) Garbage Collection (Proactive) 12M(60%)->10M(50%)
[493.062s][info][gc] GC(228) Garbage Collection (Proactive) 12M(60%)->10M(50%)
[493.873s][info][gc] GC(229) Garbage Collection (Proactive) 12M(60%)->10M(50%)
[494.669s][info][gc] GC(230) Garbage Collection (Proactive) 12M(60%)->10M(50%)
[495.573s][info][gc] GC(231) Garbage Collection (Proactive) 12M(60%)->10M(50%)
[496.465s][info][gc] GC(232) Garbage Collection (Proactive) 12M(60%)->10M(50%)
[497.269s][info][gc] GC(233) Garbage Collection (Proactive) 12M(60%)->10M(50%)
[498.663s][info][gc] GC(234) Garbage Collection (Proactive) 12M(60%)->10M(50%)
[499.873s][info][gc] GC(235) Garbage Collection (Proactive) 12M(60%)->10M(50%)
[500.862s][info][gc] GC(236) Garbage Collection (Proactive) 12M(60%)->10M(50%)
[501.768s][info][gc] GC(237) Garbage Collection (Proactive) 12M(60%)->10M(50%)
[502.558s][info][gc] GC(238) Garbage Collection (Proactive) 12M(60%)->10M(50%)
